// Jest Snapshot v1, https://goo.gl/fbAQLP

exports[`get pbf 1`] = `
Object {
  "files": Object {
    "0": Object {
      "fileext": "zoom",
      "filesize": undefined,
      "link": "0",
      "name": "0",
    },
    "1": Object {
      "fileext": "zoom",
      "filesize": undefined,
      "link": "1",
      "name": "1",
    },
    "2": Object {
      "fileext": "zoom",
      "filesize": undefined,
      "link": "2",
      "name": "2",
    },
    "3": Object {
      "fileext": "zoom",
      "filesize": undefined,
      "link": "3",
      "name": "3",
    },
    "4": Object {
      "fileext": "zoom",
      "filesize": undefined,
      "link": "4",
      "name": "4",
    },
  },
  "type": "directory",
}
`;
